Git init : 
	Creating git enviroinment in our local repository.

Git clone:
	creating link between local repository to online repository.
	
	Open the folder you wanna link and open command prompt from there, then copy the online repo link.
	
	D:***:\git clone https://github.com/Aadhikrish18/Git-hub.git
	
	Configure github:
	git config --global user.name "Aadhikrish18"
	git config --global user.email "aadhikrish185@gmail.com"

	There should be a folder similar to online repo name, my case "Git-hub"	.
	
	inside the Git-hub folder there must be a .git hidden folder.
	.git ? 
		conn b/w your online & local repo
		dont delete this folder.
	
	am gonna create a folder with vscode.
		
		
Staging & Unstaging:
		git add filename
		prepares files to stage
		if commit files will be staged
		can unstage the mistaken file.
		if push files goes to online repo
		
	Staging->	
		PS D:\Git hub> cd Git-hub
		
git add:
		PS D:\Git hub\Git-hub> git add .\Git_Notes.txt		//putting the letter inside the envolope is "add"
		PS D:\Git hub\Git-hub>								//writting th To address is "commit" 
															//commited files only send to online repo via "push"
															//by using the to address with date & time "commit hash number" will generated.
															//"git reset" - to unstage the mistaken file.
															
		PS D:\Git hub\Git-hub> git commit -m "feat : added git notes"
		[main (root-commit) e69b447] feat : added git notes
		 1 file changed, 0 insertions(+), 0 deletions(-)
		 create mode 100644 Git_Notes.txt
		PS D:\Git hub\Git-hub>	

git push:													//to push the file to online repo. 
	syntax: git push orgin remote		//git clone "URL=origin"
    info: please complete authentication in your browser...
    PS D:\Git hub\Git-hub> git push
    Enumerating objects: 6, done.
    Counting objects: 100% (6/6), done.
    Delta compression using up to 8 threads
    Compressing objects: 100% (3/3), done.
    Writing objects: 100% (6/6), 1.16 KiB | 592.00 KiB/s, done.
    Total 6 (delta 0), reused 0 (delta 0), pack-reused 0 (from 0)
    To https://github.com/Aadhikrish18/Git-hub.git
    * [new branch]      main -> main
    PS D:\Git hub\Git-hub>
git pull:													//to pull the file from online repo
    PS D:\Git hub\Git-hub> git pull
    remote: Enumerating objects: 5, done.
    remote: Counting objects: 100% (5/5), done.
    remote: Compressing objects: 100% (2/2), done.
    remote: Total 3 (delta 1), reused 0 (delta 0), pack-reused 0 (from 0)
    Unpacking objects: 100% (3/3), 952 bytes | 63.00 KiB/s, done.
    From https://github.com/Aadhikrish18/Git-hub
    7925776..58cca45  main       -> origin/main
    Updating 7925776..58cca45
    Fast-forward
    Git_Notes.txt | 4 ++--
    1 file changed, 2 insertions(+), 2 deletions(-)
    PS D:\Git hub\Git-hub>
git status:                                                // to check the status of the files is commited/staged or not
    On branch main
    Your branch is ahead of 'origin/main' by 1 commit.
    (use "git push" to publish your local commits)

    Changes to be committed:
    (use "git restore --staged <file>..." to unstage)
            new file:   Style.css

    Changes not staged for commit:
    (use "git add <file>..." to update what will be committed)
    (use "git restore <file>..." to discard changes in working directory)
            modified:   Git_Notes.txt

    PS D:\Git hub\Git-hub> git commit -m "feat : added a css file"
    [main 5db190e] feat : added a css file
    1 file changed, 0 insertions(+), 0 deletions(-)
    create mode 100644 Style.css

git diff:
    On branch main
    Your branch is ahead of 'origin/main' by 1 commit.
    (use "git push" to publish your local commits)

    Changes to be committed:
    (use "git restore --staged <file>..." to unstage)
            new file:   Style.css

    Changes not staged for commit:
    (use "git add <file>..." to update what will be committed)
    (use "git restore <file>..." to discard changes in working directory)
            modified:   Git_Notes.txt

    PS D:\Git hub\Git-hub> git commit -m "feat : added a css file"
    [main 5db190e] feat : added a css file
    1 file changed, 0 insertions(+), 0 deletions(-)
    create mode 100644 Style.css

        //ones you are in new branch, Create a new file add some lines and save

    PS D:\Git hub\Git-hub> git add .\GitCheatSheet.txt

    PS D:\Git hub\Git-hub> git commit -m "feat : created cheat sheed"  //not mentioned which branch to be pushed

        [GitCheatSheet 264d87c] feat : created cheat sheed
        1 file changed, 29 insertions(+)
        create mode 100644 GitCheatSheet.txt
        PS D:\Git hub\Git-hub> git push
        fatal: The current branch GitCheatSheet has no upstream branch.
        To push the current branch and set the remote as upstream, use

            git push --set-upstream origin GitCheatSheet                    //error: branch not mentiones

        To have this happen automatically for branches without a tracking
        upstream, see 'push.autoSetupRemote' in 'git help config'.

    PS D:\Git hub\Git-hub> git push origin GitCheatSheet                //mentioning which branch to be pushed
        Enumerating objects: 4, done.
        Counting objects: 100% (4/4), done.
        Delta compression using up to 8 threads
        Compressing objects: 100% (3/3), done.
        Writing objects: 100% (3/3), 788 bytes | 788.00 KiB/s, done.
        Total 3 (delta 0), reused 0 (delta 0), pack-reused 0 (from 0)
        remote:
        remote: Create a pull request for 'GitCheatSheet' on GitHub by visiting:
        remote:      https://github.com/Aadhikrish18/Git-hub/pull/new/GitCheatSheet
        remote:
        To https://github.com/Aadhikrish18/Git-hub.git
        * [new branch]      GitCheatSheet -> GitCheatSheet


git restore:                        // if wrongly added lines on a diff branch and commited it.

    git reset Git_Notes.txt
        Unstaged changes after reset:
        M       Git_Notes.txt
    
    git restore Git_Notes.txt

    PS D:\Git hub\Git-hub> git status
        On branch GitCheatSheet
        nothing to commit, working tree clean
        
